Sep 18 06:38:12 www CRON[6564]: pam_unix(cron:session): session closed for user root
Sep 18 06:39:01 www CRON[6808]: pam_unix(cron:session): session opened for user root by (uid=0)
Sep 18 06:39:01 www CRON[6808]: pam_unix(cron:session): session closed for user root
Sep 18 06:47:01 www CRON[6825]: pam_unix(cron:session): session opened for user root by (uid=0)
Sep 18 06:47:07 www CRON[6825]: pam_unix(cron:session): session closed for user root
Sep 18 06:53:01 www CRON[6855]: pam_unix(cron:session): session opened for user root by (uid=0)
Sep 18 06:53:01 www CRON[6855]: pam_unix(cron:session): session closed for user root
Sep 18 07:09:01 www CRON[6863]: pam_unix(cron:session): session opened for user root by (uid=0)
Sep 18 07:09:02 www CRON[6863]: pam_unix(cron:session): session closed for user root
Sep 18 07:17:01 www CRON[6880]: pam_unix(cron:session): session opened for user root by (uid=0)
Sep 18 07:17:01 www CRON[6880]: pam_unix(cron:session): session closed for user root
Sep 18 07:39:01 www CRON[6885]: pam_unix(cron:session): session opened for user root by (uid=0)
Sep 18 07:39:01 www CRON[6885]: pam_unix(cron:session): session closed for user root
Sep 18 07:53:01 www CRON[6907]: pam_unix(cron:session): session opened for user root by (uid=0)
Sep 18 07:53:01 www CRON[6907]: pam_unix(cron:session): session closed for user root
Sep 18 08:09:01 www CRON[6914]: pam_unix(cron:session): session opened for user root by (uid=0)
Sep 18 08:09:01 www CRON[6914]: pam_unix(cron:session): session closed for user root
Sep 18 08:17:01 www CRON[6931]: pam_unix(cron:session): session opened for user root by (uid=0)
Sep 18 08:17:01 www CRON[6931]: pam_unix(cron:session): session closed for user root
Sep 18 08:39:01 www CRON[6936]: pam_unix(cron:session): session opened for user root by (uid=0)
Sep 18 08:39:01 www CRON[6936]: pam_unix(cron:session): session closed for user root
Sep 18 08:53:01 www CRON[6954]: pam_unix(cron:session): session opened for user root by (uid=0)
Sep 18 08:53:01 www CRON[6954]: pam_unix(cron:session): session closed for user root
Sep 18 09:09:01 www CRON[6961]: pam_unix(cron:session): session opened for user root by (uid=0)
Sep 18 09:09:01 www CRON[6961]: pam_unix(cron:session): session closed for user root
Sep 18 09:17:01 www CRON[6979]: pam_unix(cron:session): session opened for user root by (uid=0)
Sep 18 09:17:01 www CRON[6979]: pam_unix(cron:session): session closed for user root
Sep 18 09:39:01 www CRON[6985]: pam_unix(cron:session): session opened for user root by (uid=0)
Sep 18 09:39:02 www CRON[6985]: pam_unix(cron:session): session closed for user root
Sep 18 09:53:01 www CRON[7002]: pam_unix(cron:session): session opened for user root by (uid=0)
Sep 18 09:53:01 www CRON[7002]: pam_unix(cron:session): session closed for user root
Sep 18 10:09:01 www CRON[7010]: pam_unix(cron:session): session opened for user root by (uid=0)
Sep 18 10:09:01 www CRON[7010]: pam_unix(cron:session): session closed for user root
Sep 18 10:17:01 www CRON[7044]: pam_unix(cron:session): session opened for user root by (uid=0)
Sep 18 10:17:01 www CRON[7044]: pam_unix(cron:session): session closed for user root
Sep 18 10:39:01 www CRON[7049]: pam_unix(cron:session): session opened for user root by (uid=0)
Sep 18 10:39:01 www CRON[7049]: pam_unix(cron:session): session closed for user root
Sep 18 10:53:01 www CRON[7066]: pam_unix(cron:session): session opened for user root by (uid=0)
Sep 18 10:53:01 www CRON[7066]: pam_unix(cron:session): session closed for user root
Sep 18 11:09:01 www CRON[7073]: pam_unix(cron:session): session opened for user root by (uid=0)
Sep 18 11:09:01 www CRON[7073]: pam_unix(cron:session): session closed for user root
Sep 18 11:17:01 www CRON[7090]: pam_unix(cron:session): session opened for user root by (uid=0)
Sep 18 11:17:01 www CRON[7090]: pam_unix(cron:session): session closed for user root
Sep 18 11:36:08 www sshd[7096]: Did not receive identification string from 58.218.177.171
Sep 18 11:39:01 www CRON[7097]: pam_unix(cron:session): session opened for user root by (uid=0)
Sep 18 11:39:02 www CRON[7097]: pam_unix(cron:session): session closed for user root
Sep 18 11:53:01 www CRON[7115]: pam_unix(cron:session): session opened for user root by (uid=0)
Sep 18 11:53:01 www CRON[7115]: pam_unix(cron:session): session closed for user root
Sep 18 12:06:06 www sshd[7124]: Received disconnect from 183.87.157.202: 11: Bye Bye [preauth]
Sep 18 12:09:01 www CRON[7127]: pam_unix(cron:session): session opened for user root by (uid=0)
Sep 18 12:09:01 www CRON[7127]: pam_unix(cron:session): session closed for user root
Sep 18 12:17:01 www CRON[7144]: pam_unix(cron:session): session opened for user root by (uid=0)
Sep 18 12:17:01 www CRON[7144]: pam_unix(cron:session): session closed for user root
Sep 18 12:39:01 www CRON[7149]: pam_unix(cron:session): session opened for user root by (uid=0)
Sep 18 12:39:01 www CRON[7149]: pam_unix(cron:session): session closed for user root
Sep 18 12:53:01 www CRON[7166]: pam_unix(cron:session): session opened for user root by (uid=0)
Sep 18 12:53:01 www CRON[7166]: pam_unix(cron:session): session closed for user root
Sep 18 13:04:22 www sshd[7173]: Received disconnect from 125.212.235.113: 11: Bye Bye [preauth]
Sep 18 13:09:01 www CRON[7175]: pam_unix(cron:session): session opened for user root by (uid=0)
Sep 18 13:09:01 www CRON[7175]: pam_unix(cron:session): session closed for user root
Sep 18 13:17:01 www CRON[7194]: pam_unix(cron:session): session opened for user root by (uid=0)
Sep 18 13:17:01 www CRON[7194]: pam_unix(cron:session): session closed for user root
Sep 18 13:33:27 www sshd[7197]: Invalid user admin from 91.224.161.69
Sep 18 13:33:27 www sshd[7197]: input_userauth_request: invalid user admin [preauth]
Sep 18 13:33:27 www sshd[7197]: pam_unix(sshd:auth): check pass; user unknown
Sep 18 13:33:27 www sshd[7197]: pam_unix(sshd:auth): authentication failure; logname= uid=0 euid=0 tty=ssh ruser= rhost=91.224.161.69 
Sep 18 13:33:29 www sshd[7197]: Failed password for invalid user admin from 91.224.161.69 port 43917 ssh2
Sep 18 13:33:29 www sshd[7197]: pam_unix(sshd:auth): check pass; user unknown
Sep 18 13:33:31 www sshd[7197]: Failed password for invalid user admin from 91.224.161.69 port 43917 ssh2
Sep 18 13:33:31 www sshd[7197]: pam_unix(sshd:auth): check pass; user unknown
Sep 18 13:33:33 www sshd[7197]: Failed password for invalid user admin from 91.224.161.69 port 43917 ssh2
Sep 18 13:39:01 www CRON[7217]: pam_unix(cron:session): session opened for user root by (uid=0)
Sep 18 13:39:02 www CRON[7217]: pam_unix(cron:session): session closed for user root
Sep 18 13:53:01 www CRON[7234]: pam_unix(cron:session): session opened for user root by (uid=0)
Sep 18 13:53:13 www CRON[7234]: pam_unix(cron:session): session closed for user root
Sep 18 14:06:18 www sshd[7311]: Invalid user admin from 115.239.248.54
Sep 18 14:06:18 www sshd[7311]: input_userauth_request: invalid user admin [preauth]
Sep 18 14:06:19 www sshd[7311]: Failed none for invalid user admin from 115.239.248.54 port 4316 ssh2
Sep 18 14:06:19 www sshd[7311]: Received disconnect from 115.239.248.54: 11: disconnect [preauth]
Sep 18 14:06:21 www sshd[7313]: Invalid user admin from 115.239.248.54
Sep 18 14:06:21 www sshd[7313]: input_userauth_request: invalid user admin [preauth]
Sep 18 14:09:01 www CRON[7332]: pam_unix(cron:session): session opened for user root by (uid=0)
Sep 18 14:09:01 www CRON[7332]: pam_unix(cron:session): session closed for user root
Sep 18 14:17:01 www CRON[7349]: pam_unix(cron:session): session opened for user root by (uid=0)
Sep 18 14:17:01 www CRON[7349]: pam_unix(cron:session): session closed for user root
Sep 18 14:39:01 www CRON[7354]: pam_unix(cron:session): session opened for user root by (uid=0)
Sep 18 14:39:01 www CRON[7354]: pam_unix(cron:session): session closed for user root
Sep 18 14:53:01 www CRON[7371]: pam_unix(cron:session): session opened for user root by (uid=0)
Sep 18 14:53:01 www CRON[7371]: pam_unix(cron:session): session closed for user root
Sep 18 15:09:01 www CRON[7378]: pam_unix(cron:session): session opened for user root by (uid=0)
Sep 18 15:09:01 www CRON[7378]: pam_unix(cron:session): session closed for user root
Sep 18 15:17:01 www CRON[7395]: pam_unix(cron:session): session opened for user root by (uid=0)
Sep 18 15:17:01 www CRON[7395]: pam_unix(cron:session): session closed for user root
Sep 18 15:39:01 www CRON[7406]: pam_unix(cron:session): session opened for user root by (uid=0)
Sep 18 15:39:02 www CRON[7406]: pam_unix(cron:session): session closed for user root
Sep 18 15:53:01 www CRON[7423]: pam_unix(cron:session): session opened for user root by (uid=0)
Sep 18 15:53:01 www CRON[7423]: pam_unix(cron:session): session closed for user root
Sep 18 16:09:01 www CRON[7430]: pam_unix(cron:session): session opened for user root by (uid=0)
Sep 18 16:09:01 www CRON[7430]: pam_unix(cron:session): session closed for user root
Sep 18 16:17:01 www CRON[7447]: pam_unix(cron:session): session opened for user root by (uid=0)
Sep 18 16:17:01 www CRON[7447]: pam_unix(cron:session): session closed for user root
Sep 18 16:39:01 www CRON[7456]: pam_unix(cron:session): session opened for user root by (uid=0)
Sep 18 16:39:01 www CRON[7456]: pam_unix(cron:session): session closed for user root
Sep 18 16:53:01 www CRON[7473]: pam_unix(cron:session): session opened for user root by (uid=0)
Sep 18 16:53:01 www CRON[7473]: pam_unix(cron:session): session closed for user root
Sep 18 17:09:01 www CRON[7480]: pam_unix(cron:session): session opened for user root by (uid=0)
Sep 18 17:09:01 www CRON[7480]: pam_unix(cron:session): session closed for user root
Sep 18 17:17:01 www CRON[7497]: pam_unix(cron:session): session opened for user root by (uid=0)
Sep 18 17:17:01 www CRON[7497]: pam_unix(cron:session): session closed for user root
Sep 18 17:39:01 www CRON[7502]: pam_unix(cron:session): session opened for user root by (uid=0)
Sep 18 17:39:02 www CRON[7502]: pam_unix(cron:session): session closed for user root
Sep 18 17:53:01 www CRON[7520]: pam_unix(cron:session): session opened for user root by (uid=0)
Sep 18 17:53:01 www CRON[7520]: pam_unix(cron:session): session closed for user root
Sep 18 18:09:01 www CRON[7527]: pam_unix(cron:session): session opened for user root by (uid=0)
Sep 18 18:09:01 www CRON[7527]: pam_unix(cron:session): session closed for user root
Sep 18 18:17:01 www CRON[7544]: pam_unix(cron:session): session opened for user root by (uid=0)
Sep 18 18:17:01 www CRON[7544]: pam_unix(cron:session): session closed for user root
Sep 18 18:25:22 www sshd[7547]: reverse mapping checking getaddrinfo for host214-164-177-94.serverdedicati.aruba.it [94.177.164.214] failed - POSSIBLE BREAK-IN ATTEMPT!
Sep 18 18:25:22 www sshd[7547]: User mysql from 94.177.164.214 not allowed because not listed in AllowUsers
Sep 18 18:25:22 www sshd[7547]: input_userauth_request: invalid user mysql [preauth]
Sep 18 18:25:22 www sshd[7547]: pam_unix(sshd:auth): authentication failure; logname= uid=0 euid=0 tty=ssh ruser= rhost=94.177.164.214  user=mysql
Sep 18 18:25:23 www sshd[7547]: Failed password for invalid user mysql from 94.177.164.214 port 47295 ssh2
Sep 18 18:25:27 www sshd[7547]: message repeated 2 times: [ Failed password for invalid user mysql from 94.177.164.214 port 47295 ssh2]
Sep 18 18:25:27 www sshd[7547]: Connection closed by 94.177.164.214 [preauth]
Sep 18 18:25:27 www sshd[7547]: PAM 2 more authentication failures; logname= uid=0 euid=0 tty=ssh ruser= rhost=94.177.164.214  user=mysql
Sep 18 18:39:01 www CRON[7551]: pam_unix(cron:session): session opened for user root by (uid=0)
Sep 18 18:39:01 www CRON[7551]: pam_unix(cron:session): session closed for user root
Sep 18 18:53:01 www CRON[7569]: pam_unix(cron:session): session opened for user root by (uid=0)
Sep 18 18:53:01 www CRON[7569]: pam_unix(cron:session): session closed for user root
Sep 18 19:09:01 www CRON[7577]: pam_unix(cron:session): session opened for user root by (uid=0)
Sep 18 19:09:01 www CRON[7577]: pam_unix(cron:session): session closed for user root
Sep 18 19:17:01 www CRON[7595]: pam_unix(cron:session): session opened for user root by (uid=0)
Sep 18 19:17:01 www CRON[7595]: pam_unix(cron:session): session closed for user root
Sep 18 19:39:01 www CRON[7603]: pam_unix(cron:session): session opened for user root by (uid=0)
Sep 18 19:39:02 www CRON[7603]: pam_unix(cron:session): session closed for user root
Sep 18 19:53:01 www CRON[7621]: pam_unix(cron:session): session opened for user root by (uid=0)
Sep 18 19:53:01 www CRON[7621]: pam_unix(cron:session): session closed for user root
Sep 18 19:54:02 www sshd[7626]: Connection closed by 52.209.244.90 [preauth]
Sep 18 20:09:01 www CRON[7630]: pam_unix(cron:session): session opened for user root by (uid=0)
Sep 18 20:09:01 www CRON[7630]: pam_unix(cron:session): session closed for user root
Sep 18 20:17:01 www CRON[7647]: pam_unix(cron:session): session opened for user root by (uid=0)
Sep 18 20:17:01 www CRON[7647]: pam_unix(cron:session): session closed for user root
Sep 18 20:39:01 www CRON[7652]: pam_unix(cron:session): session opened for user root by (uid=0)
Sep 18 20:39:01 www CRON[7652]: pam_unix(cron:session): session closed for user root
Sep 18 20:53:01 www CRON[7669]: pam_unix(cron:session): session opened for user root by (uid=0)
Sep 18 20:53:01 www CRON[7669]: pam_unix(cron:session): session closed for user root
Sep 18 21:09:01 www CRON[7682]: pam_unix(cron:session): session opened for user root by (uid=0)
Sep 18 21:09:01 www CRON[7682]: pam_unix(cron:session): session closed for user root
Sep 18 21:17:01 www CRON[7699]: pam_unix(cron:session): session opened for user root by (uid=0)
Sep 18 21:17:01 www CRON[7699]: pam_unix(cron:session): session closed for user root
Sep 18 21:39:01 www CRON[7706]: pam_unix(cron:session): session opened for user root by (uid=0)
Sep 18 21:39:01 www CRON[7706]: pam_unix(cron:session): session closed for user root
Sep 18 21:49:37 www sshd[7723]: reverse mapping checking getaddrinfo for 152.248.97.119.broad.wh.hb.dynamic.163data.com.cn [119.97.248.152] failed - POSSIBLE BREAK-IN ATTEMPT!
Sep 18 21:49:37 www sshd[7723]: Invalid user karaf from 119.97.248.152
Sep 18 21:49:37 www sshd[7723]: input_userauth_request: invalid user karaf [preauth]
Sep 18 21:49:37 www sshd[7723]: pam_unix(sshd:auth): check pass; user unknown
Sep 18 21:49:37 www sshd[7723]: pam_unix(sshd:auth): authentication failure; logname= uid=0 euid=0 tty=ssh ruser= rhost=119.97.248.152 
Sep 18 21:49:39 www sshd[7723]: Failed password for invalid user karaf from 119.97.248.152 port 63423 ssh2
Sep 18 21:49:39 www sshd[7723]: pam_unix(sshd:auth): check pass; user unknown
Sep 18 21:49:41 www sshd[7723]: Failed password for invalid user karaf from 119.97.248.152 port 63423 ssh2
Sep 18 21:49:42 www sshd[7723]: pam_unix(sshd:auth): check pass; user unknown
Sep 18 21:49:44 www sshd[7723]: Failed password for invalid user karaf from 119.97.248.152 port 63423 ssh2
Sep 18 21:53:01 www CRON[7741]: pam_unix(cron:session): session opened for user root by (uid=0)
Sep 18 21:53:01 www CRON[7741]: pam_unix(cron:session): session closed for user root
Sep 18 21:57:28 www sshd[7746]: Received disconnect from 115.85.192.40: 11: Bye Bye [preauth]
Sep 18 22:09:01 www CRON[7751]: pam_unix(cron:session): session opened for user root by (uid=0)
Sep 18 22:09:02 www CRON[7751]: pam_unix(cron:session): session closed for user root
Sep 18 22:09:35 www sshd[7768]: Invalid user teamspeak from 52.66.114.135
Sep 18 22:09:35 www sshd[7768]: input_userauth_request: invalid user teamspeak [preauth]
Sep 18 22:09:35 www sshd[7768]: pam_unix(sshd:auth): check pass; user unknown
Sep 18 22:09:35 www sshd[7768]: pam_unix(sshd:auth): authentication failure; logname= uid=0 euid=0 tty=ssh ruser= rhost=ec2-52-66-114-135.ap-south-1.compute.amazonaws.com 
Sep 18 22:09:37 www sshd[7768]: Failed password for invalid user teamspeak from 52.66.114.135 port 37631 ssh2
Sep 18 22:09:38 www sshd[7768]: pam_unix(sshd:auth): check pass; user unknown
Sep 18 22:09:39 www sshd[7768]: Failed password for invalid user teamspeak from 52.66.114.135 port 37631 ssh2
Sep 18 22:17:01 www CRON[7787]: pam_unix(cron:session): session opened for user root by (uid=0)
Sep 18 22:17:01 www CRON[7787]: pam_unix(cron:session): session closed for user root
Sep 18 22:39:01 www CRON[7792]: pam_unix(cron:session): session opened for user root by (uid=0)
Sep 18 22:39:01 www CRON[7792]: pam_unix(cron:session): session closed for user root
Sep 18 22:53:01 www CRON[7809]: pam_unix(cron:session): session opened for user root by (uid=0)
Sep 18 22:53:01 www CRON[7809]: pam_unix(cron:session): session closed for user root
Sep 18 23:09:01 www CRON[7817]: pam_unix(cron:session): session opened for user root by (uid=0)
Sep 18 23:09:01 www CRON[7817]: pam_unix(cron:session): session closed for user root
Sep 18 23:17:01 www CRON[7834]: pam_unix(cron:session): session opened for user root by (uid=0)
Sep 18 23:17:01 www CRON[7834]: pam_unix(cron:session): session closed for user root
Sep 18 23:39:01 www CRON[7839]: pam_unix(cron:session): session opened for user root by (uid=0)
Sep 18 23:39:01 www CRON[7839]: pam_unix(cron:session): session closed for user root
Sep 18 23:53:01 www CRON[7864]: pam_unix(cron:session): session opened for user root by (uid=0)
Sep 18 23:53:01 www CRON[7864]: pam_unix(cron:session): session closed for user root
Sep 19 00:01:17 www sshd[7869]: Invalid user gpadmin from 119.90.126.39
Sep 19 00:01:17 www sshd[7869]: input_userauth_request: invalid user gpadmin [preauth]
Sep 19 00:01:17 www sshd[7869]: pam_unix(sshd:auth): check pass; user unknown
Sep 19 00:01:17 www sshd[7869]: pam_unix(sshd:auth): authentication failure; logname= uid=0 euid=0 tty=ssh ruser= rhost=119.90.126.39 
Sep 19 00:01:19 www sshd[7869]: Failed password for invalid user gpadmin from 119.90.126.39 port 55148 ssh2
Sep 19 00:01:20 www sshd[7869]: pam_unix(sshd:auth): check pass; user unknown
Sep 19 00:01:22 www sshd[7869]: Failed password for invalid user gpadmin from 119.90.126.39 port 55148 ssh2
Sep 19 00:01:22 www sshd[7869]: pam_unix(sshd:auth): check pass; user unknown
Sep 19 00:01:24 www sshd[7869]: Failed password for invalid user gpadmin from 119.90.126.39 port 55148 ssh2
Sep 19 00:09:01 www CRON[7889]: pam_unix(cron:session): session opened for user root by (uid=0)
Sep 19 00:09:02 www CRON[7889]: pam_unix(cron:session): session closed for user root
Sep 19 00:17:01 www CRON[7906]: pam_unix(cron:session): session opened for user root by (uid=0)
Sep 19 00:17:01 www CRON[7906]: pam_unix(cron:session): session closed for user root
Sep 19 00:39:01 www CRON[7911]: pam_unix(cron:session): session opened for user root by (uid=0)
Sep 19 00:39:01 www CRON[7911]: pam_unix(cron:session): session closed for user root
Sep 19 00:53:01 www CRON[7928]: pam_unix(cron:session): session opened for user root by (uid=0)
Sep 19 00:53:01 www CRON[7928]: pam_unix(cron:session): session closed for user root
Sep 19 01:09:01 www CRON[7935]: pam_unix(cron:session): session opened for user root by (uid=0)
Sep 19 01:09:01 www CRON[7935]: pam_unix(cron:session): session closed for user root
Sep 19 01:17:01 www CRON[7952]: pam_unix(cron:session): session opened for user root by (uid=0)
Sep 19 01:17:01 www CRON[7952]: pam_unix(cron:session): session closed for user root
Sep 19 01:39:01 www CRON[7957]: pam_unix(cron:session): session opened for user root by (uid=0)
Sep 19 01:39:01 www CRON[7957]: pam_unix(cron:session): session closed for user root
Sep 19 01:53:01 www CRON[7975]: pam_unix(cron:session): session opened for user root by (uid=0)
Sep 19 01:53:01 www CRON[7975]: pam_unix(cron:session): session closed for user root
Sep 19 02:09:01 www CRON[7982]: pam_unix(cron:session): session opened for user root by (uid=0)
Sep 19 02:09:01 www CRON[7982]: pam_unix(cron:session): session closed for user root
Sep 19 02:17:01 www CRON[7999]: pam_unix(cron:session): session opened for user root by (uid=0)
Sep 19 02:17:01 www CRON[7999]: pam_unix(cron:session): session closed for user root
Sep 19 02:39:02 www CRON[8004]: pam_unix(cron:session): session opened for user root by (uid=0)
Sep 19 02:39:02 www CRON[8004]: pam_unix(cron:session): session closed for user root
Sep 19 02:53:01 www CRON[8021]: pam_unix(cron:session): session opened for user root by (uid=0)
Sep 19 02:53:01 www CRON[8021]: pam_unix(cron:session): session closed for user root
Sep 19 03:09:01 www CRON[8029]: pam_unix(cron:session): session opened for user root by (uid=0)
Sep 19 03:09:01 www CRON[8029]: pam_unix(cron:session): session closed for user root
Sep 19 03:17:01 www CRON[8046]: pam_unix(cron:session): session opened for user root by (uid=0)
Sep 19 03:17:01 www CRON[8046]: pam_unix(cron:session): session closed for user root
Sep 19 03:39:01 www CRON[8052]: pam_unix(cron:session): session opened for user root by (uid=0)
Sep 19 03:39:01 www CRON[8052]: pam_unix(cron:session): session closed for user root
Sep 19 03:53:01 www CRON[8070]: pam_unix(cron:session): session opened for user root by (uid=0)
Sep 19 03:53:01 www CRON[8070]: pam_unix(cron:session): session closed for user root
Sep 19 04:09:01 www CRON[8078]: pam_unix(cron:session): session opened for user root by (uid=0)
Sep 19 04:09:01 www CRON[8078]: pam_unix(cron:session): session closed for user root
Sep 19 04:17:01 www CRON[8095]: pam_unix(cron:session): session opened for user root by (uid=0)
Sep 19 04:17:01 www CRON[8095]: pam_unix(cron:session): session closed for user root
Sep 19 04:39:01 www CRON[8100]: pam_unix(cron:session): session opened for user root by (uid=0)
Sep 19 04:39:02 www CRON[8100]: pam_unix(cron:session): session closed for user root
Sep 19 04:53:01 www CRON[8117]: pam_unix(cron:session): session opened for user root by (uid=0)
Sep 19 04:53:01 www CRON[8117]: pam_unix(cron:session): session closed for user root
Sep 19 05:09:01 www CRON[8130]: pam_unix(cron:session): session opened for user root by (uid=0)
Sep 19 05:09:01 www CRON[8130]: pam_unix(cron:session): session closed for user root
Sep 19 05:17:01 www CRON[8147]: pam_unix(cron:session): session opened for user root by (uid=0)
Sep 19 05:17:01 www CRON[8147]: pam_unix(cron:session): session closed for user root
Sep 19 05:39:01 www CRON[8152]: pam_unix(cron:session): session opened for user root by (uid=0)
Sep 19 05:39:01 www CRON[8152]: pam_unix(cron:session): session closed for user root
Sep 19 05:53:01 www CRON[8172]: pam_unix(cron:session): session opened for user root by (uid=0)
Sep 19 05:53:01 www CRON[8172]: pam_unix(cron:session): session closed for user root
Sep 19 06:04:19 www sshd[8179]: Received disconnect from 218.83.155.86: 11: Bye Bye [preauth]
Sep 19 06:09:01 www CRON[8181]: pam_unix(cron:session): session opened for user root by (uid=0)
Sep 19 06:09:01 www CRON[8181]: pam_unix(cron:session): session closed for user root
Sep 19 06:17:01 www CRON[8198]: pam_unix(cron:session): session opened for user root by (uid=0)
Sep 19 06:17:01 www CRON[8198]: pam_unix(cron:session): session closed for user root
Sep 19 06:25:01 www CRON[8201]: pam_unix(cron:session): session opened for user root by (uid=0)
Sep 19 06:39:01 www CRON[8245]: pam_unix(cron:session): session opened for user root by (uid=0)
Sep 19 06:39:02 www CRON[8245]: pam_unix(cron:session): session closed for user root
Sep 19 06:45:02 www CRON[8201]: pam_unix(cron:session): session closed for user root
Sep 19 06:51:59 www sshd[8409]: Received disconnect from 64.137.168.128: 11: Bye Bye [preauth]
Sep 19 06:53:01 www CRON[8411]: pam_unix(cron:session): session opened for user root by (uid=0)
Sep 19 06:53:01 www CRON[8411]: pam_unix(cron:session): session closed for user root
Sep 19 07:09:01 www CRON[8419]: pam_unix(cron:session): session opened for user root by (uid=0)
Sep 19 07:09:01 www CRON[8419]: pam_unix(cron:session): session closed for user root
Sep 19 07:17:01 www CRON[8436]: pam_unix(cron:session): session opened for user root by (uid=0)
Sep 19 07:17:01 www CRON[8436]: pam_unix(cron:session): session closed for user root
Sep 19 07:37:58 www sshd[8446]: Invalid user workpress from 104.130.6.137
Sep 19 07:37:58 www sshd[8446]: input_userauth_request: invalid user workpress [preauth]
Sep 19 07:37:58 www sshd[8442]: Invalid user new from 104.236.216.220
Sep 19 07:37:58 www sshd[8442]: input_userauth_request: invalid user new [preauth]
Sep 19 07:37:58 www sshd[8442]: pam_unix(sshd:auth): check pass; user unknown
Sep 19 07:37:58 www sshd[8442]: pam_unix(sshd:auth): authentication failure; logname= uid=0 euid=0 tty=ssh ruser= rhost=104.236.216.220 
Sep 19 07:37:58 www sshd[8446]: pam_unix(sshd:auth): check pass; user unknown
Sep 19 07:37:58 www sshd[8446]: pam_unix(sshd:auth): authentication failure; logname= uid=0 euid=0 tty=ssh ruser= rhost=104.130.6.137 
Sep 19 07:37:58 www sshd[8447]: Invalid user spencer from 104.131.19.241
Sep 19 07:37:58 www sshd[8447]: input_userauth_request: invalid user spencer [preauth]
Sep 19 07:37:58 www sshd[8499]: Invalid user pussy from 104.131.4.109
Sep 19 07:37:58 www sshd[8499]: input_userauth_request: invalid user pussy [preauth]
Sep 19 07:37:58 www sshd[8447]: pam_unix(sshd:auth): check pass; user unknown
Sep 19 07:37:58 www sshd[8447]: pam_unix(sshd:auth): authentication failure; logname= uid=0 euid=0 tty=ssh ruser= rhost=104.131.19.241 
Sep 19 07:37:58 www sshd[8499]: pam_unix(sshd:auth): check pass; user unknown
Sep 19 07:37:58 www sshd[8499]: pam_unix(sshd:auth): authentication failure; logname= uid=0 euid=0 tty=ssh ruser= rhost=104.131.4.109 
Sep 19 07:37:58 www sshd[8462]: Invalid user gopher from 40.121.80.86
Sep 19 07:37:58 www sshd[8462]: input_userauth_request: invalid user gopher [preauth]
Sep 19 07:37:58 www sshd[8462]: pam_unix(sshd:auth): check pass; user unknown
Sep 19 07:37:58 www sshd[8462]: pam_unix(sshd:auth): authentication failure; logname= uid=0 euid=0 tty=ssh ruser= rhost=40.121.80.86 
Sep 19 07:37:58 www sshd[8468]: Invalid user user from 47.88.102.246
Sep 19 07:37:58 www sshd[8468]: input_userauth_request: invalid user user [preauth]
Sep 19 07:37:58 www sshd[8463]: Invalid user user from 216.211.130.18
Sep 19 07:37:58 www sshd[8463]: input_userauth_request: invalid user user [preauth]
Sep 19 07:37:58 www sshd[8468]: pam_unix(sshd:auth): check pass; user unknown
Sep 19 07:37:58 www sshd[8468]: pam_unix(sshd:auth): authentication failure; logname= uid=0 euid=0 tty=ssh ruser= rhost=47.88.102.246 
Sep 19 07:37:58 www sshd[8463]: pam_unix(sshd:auth): check pass; user unknown
Sep 19 07:37:58 www sshd[8463]: pam_unix(sshd:auth): authentication failure; logname= uid=0 euid=0 tty=ssh ruser= rhost=216.211.130.18 
Sep 19 07:37:58 www sshd[8448]: Invalid user mike from 129.115.236.159
Sep 19 07:37:58 www sshd[8448]: input_userauth_request: invalid user mike [preauth]
Sep 19 07:37:58 www sshd[8465]: Invalid user securityagent from 138.68.50.24
Sep 19 07:37:58 www sshd[8448]: pam_unix(sshd:auth): check pass; user unknown
Sep 19 07:37:58 www sshd[8448]: pam_unix(sshd:auth): authentication failure; logname= uid=0 euid=0 tty=ssh ruser= rhost=129.115.236.159 
Sep 19 07:37:58 www sshd[8465]: input_userauth_request: invalid user securityagent [preauth]
Sep 19 07:37:58 www sshd[8465]: pam_unix(sshd:auth): check pass; user unknown
Sep 19 07:37:58 www sshd[8465]: pam_unix(sshd:auth): authentication failure; logname= uid=0 euid=0 tty=ssh ruser= rhost=learn.latitudesky.net 
Sep 19 07:37:58 www sshd[8481]: Invalid user yoshida from 74.208.230.32
Sep 19 07:37:58 www sshd[8481]: input_userauth_request: invalid user yoshida [preauth]
Sep 19 07:37:58 www sshd[8481]: pam_unix(sshd:auth): check pass; user unknown
Sep 19 07:37:58 www sshd[8481]: pam_unix(sshd:auth): authentication failure; logname= uid=0 euid=0 tty=ssh ruser= rhost=u18425648.onlinehome-server.com 
Sep 19 07:37:58 www sshd[8470]: User root from 185.88.73.15 not allowed because not listed in AllowUsers
Sep 19 07:37:58 www sshd[8470]: input_userauth_request: invalid user root [preauth]
Sep 19 07:37:58 www sshd[8470]: pam_unix(sshd:auth): authentication failure; logname= uid=0 euid=0 tty=ssh ruser= rhost=185.88.73.15  user=root
Sep 19 07:37:58 www sshd[8512]: Invalid user cmonin from 162.243.85.51
Sep 19 07:37:58 www sshd[8512]: input_userauth_request: invalid user cmonin [preauth]
Sep 19 07:37:58 www sshd[8512]: pam_unix(sshd:auth): check pass; user unknown
Sep 19 07:37:58 www sshd[8512]: pam_unix(sshd:auth): authentication failure; logname= uid=0 euid=0 tty=ssh ruser= rhost=162.243.85.51 
Sep 19 07:37:58 www sshd[8458]: Invalid user dados from 50.4.33.44
Sep 19 07:37:58 www sshd[8458]: input_userauth_request: invalid user dados [preauth]
Sep 19 07:37:58 www sshd[8458]: pam_unix(sshd:auth): check pass; user unknown
Sep 19 07:37:58 www sshd[8458]: pam_unix(sshd:auth): authentication failure; logname= uid=0 euid=0 tty=ssh ruser= rhost=d4-50-44-33.try.wideopenwest.com 
Sep 19 07:37:58 www sshd[8454]: Invalid user mario from 158.69.198.20
Sep 19 07:37:58 www sshd[8454]: input_userauth_request: invalid user mario [preauth]
Sep 19 07:37:58 www sshd[8454]: pam_unix(sshd:auth): check pass; user unknown
Sep 19 07:37:58 www sshd[8454]: pam_unix(sshd:auth): authentication failure; logname= uid=0 euid=0 tty=ssh ruser= rhost=20.ip-158-69-198.net 
Sep 19 07:37:59 www sshd[8497]: Invalid user manager from 185.140.33.155
Sep 19 07:37:59 www sshd[8497]: input_userauth_request: invalid user manager [preauth]
Sep 19 07:37:59 www sshd[8497]: pam_unix(sshd:auth): check pass; user unknown
Sep 19 07:37:59 www sshd[8497]: pam_unix(sshd:auth): authentication failure; logname= uid=0 euid=0 tty=ssh ruser= rhost=185.140.33.155 
Sep 19 07:37:59 www sshd[8445]: User news from gravity.purduecal.edu not allowed because not listed in AllowUsers
Sep 19 07:37:59 www sshd[8445]: input_userauth_request: invalid user news [preauth]
Sep 19 07:37:59 www sshd[8444]: Invalid user appserver from 130.70.82.46
Sep 19 07:37:59 www sshd[8444]: input_userauth_request: invalid user appserver [preauth]
Sep 19 07:37:59 www sshd[8444]: pam_unix(sshd:auth): check pass; user unknown
Sep 19 07:37:59 www sshd[8444]: pam_unix(sshd:auth): authentication failure; logname= uid=0 euid=0 tty=ssh ruser= rhost=cmpslabwvm05.cacs.louisiana.edu 
Sep 19 07:37:59 www sshd[8445]: pam_unix(sshd:auth): authentication failure; logname= uid=0 euid=0 tty=ssh ruser= rhost=gravity.purduecal.edu  user=news
Sep 19 07:37:59 www sshd[8491]: Invalid user ocadmin from 213.216.48.7
Sep 19 07:37:59 www sshd[8491]: input_userauth_request: invalid user ocadmin [preauth]
Sep 19 07:37:59 www sshd[8491]: pam_unix(sshd:auth): check pass; user unknown
Sep 19 07:37:59 www sshd[8491]: pam_unix(sshd:auth): authentication failure; logname= uid=0 euid=0 tty=ssh ruser= rhost=213.216.48.7 
Sep 19 07:37:59 www sshd[8510]: Invalid user appowner from 138.201.132.244
Sep 19 07:37:59 www sshd[8469]: Invalid user elizabeth from 88.198.7.144
Sep 19 07:37:59 www sshd[8510]: input_userauth_request: invalid user appowner [preauth]
Sep 19 07:37:59 www sshd[8469]: input_userauth_request: invalid user elizabeth [preauth]
Sep 19 07:37:59 www sshd[8510]: pam_unix(sshd:auth): check pass; user unknown
Sep 19 07:37:59 www sshd[8469]: pam_unix(sshd:auth): check pass; user unknown
Sep 19 07:37:59 www sshd[8469]: pam_unix(sshd:auth): authentication failure; logname= uid=0 euid=0 tty=ssh ruser= rhost=static.88-198-7-144.clients.your-server.de 
Sep 19 07:37:59 www sshd[8510]: pam_unix(sshd:auth): authentication failure; logname= uid=0 euid=0 tty=ssh ruser= rhost=static.244.132.201.138.clients.your-server.de 
Sep 19 07:37:59 www sshd[8490]: Address 188.120.237.35 maps to darastyle.ru, but this does not map back to the address - POSSIBLE BREAK-IN ATTEMPT!
Sep 19 07:37:59 www sshd[8490]: Invalid user ts from 188.120.237.35
Sep 19 07:37:59 www sshd[8490]: input_userauth_request: invalid user ts [preauth]
Sep 19 07:37:59 www sshd[8490]: pam_unix(sshd:auth): check pass; user unknown
Sep 19 07:37:59 www sshd[8490]: pam_unix(sshd:auth): authentication failure; logname= uid=0 euid=0 tty=ssh ruser= rhost=188.120.237.35 
Sep 19 07:38:00 www sshd[8488]: Invalid user test from 159.93.168.16
Sep 19 07:38:00 www sshd[8488]: input_userauth_request: invalid user test [preauth]
Sep 19 07:38:00 www sshd[8488]: pam_unix(sshd:auth): check pass; user unknown
Sep 19 07:38:00 www sshd[8488]: pam_unix(sshd:auth): authentication failure; logname= uid=0 euid=0 tty=ssh ruser= rhost=159.93.168.16 
Sep 19 07:38:00 www sshd[8494]: reverse mapping checking getaddrinfo for hosting.eurohoster.org [185.162.8.100] failed - POSSIBLE BREAK-IN ATTEMPT!
Sep 19 07:38:00 www sshd[8494]: Invalid user postgres from 185.162.8.100
Sep 19 07:38:00 www sshd[8494]: input_userauth_request: invalid user postgres [preauth]
Sep 19 07:38:00 www sshd[8494]: pam_unix(sshd:auth): check pass; user unknown
Sep 19 07:38:00 www sshd[8494]: pam_unix(sshd:auth): authentication failure; logname= uid=0 euid=0 tty=ssh ruser= rhost=185.162.8.100 
Sep 19 07:38:00 www sshd[8476]: Invalid user jboss from 178.254.8.197
Sep 19 07:38:00 www sshd[8476]: input_userauth_request: invalid user jboss [preauth]
Sep 19 07:38:00 www sshd[8473]: Invalid user centos from 31.18.162.152
Sep 19 07:38:00 www sshd[8473]: input_userauth_request: invalid user centos [preauth]
Sep 19 07:38:00 www sshd[8476]: pam_unix(sshd:auth): check pass; user unknown
Sep 19 07:38:00 www sshd[8476]: pam_unix(sshd:auth): authentication failure; logname= uid=0 euid=0 tty=ssh ruser= rhost=v10045.1blu.de 
Sep 19 07:38:00 www sshd[8473]: pam_unix(sshd:auth): check pass; user unknown
Sep 19 07:38:00 www sshd[8473]: pam_unix(sshd:auth): authentication failure; logname= uid=0 euid=0 tty=ssh ruser= rhost=ip1f12a298.dynamic.kabel-deutschland.de 
Sep 19 07:38:00 www sshd[8442]: Failed password for invalid user new from 104.236.216.220 port 58623 ssh2
Sep 19 07:38:00 www sshd[8446]: Failed password for invalid user workpress from 104.130.6.137 port 50175 ssh2
Sep 19 07:38:00 www sshd[8446]: pam_unix(sshd:auth): check pass; user unknown
Sep 19 07:38:00 www sshd[8442]: pam_unix(sshd:auth): check pass; user unknown
Sep 19 07:38:00 www sshd[8447]: Failed password for invalid user spencer from 104.131.19.241 port 36607 ssh2
Sep 19 07:38:00 www sshd[8499]: Failed password for invalid user pussy from 104.131.4.109 port 55807 ssh2
Sep 19 07:38:00 www sshd[8508]: Invalid user webmaster from 117.252.29.254
Sep 19 07:38:00 www sshd[8508]: input_userauth_request: invalid user webmaster [preauth]
Sep 19 07:38:00 www sshd[8508]: pam_unix(sshd:auth): check pass; user unknown
Sep 19 07:38:00 www sshd[8508]: pam_unix(sshd:auth): authentication failure; logname= uid=0 euid=0 tty=ssh ruser= rhost=117.252.29.254 
Sep 19 07:38:00 www sshd[8462]: Failed password for invalid user gopher from 40.121.80.86 port 63487 ssh2
Sep 19 07:38:00 www sshd[8447]: pam_unix(sshd:auth): check pass; user unknown
Sep 19 07:38:00 www sshd[8499]: pam_unix(sshd:auth): check pass; user unknown
Sep 19 07:38:00 www sshd[8468]: Failed password for invalid user user from 47.88.102.246 port 36863 ssh2
Sep 19 07:38:00 www sshd[8463]: Failed password for invalid user user from 216.211.130.18 port 50687 ssh2
Sep 19 07:38:00 www sshd[8462]: pam_unix(sshd:auth): check pass; user unknown
Sep 19 07:38:00 www sshd[8448]: Failed password for invalid user mike from 129.115.236.159 port 49151 ssh2
Sep 19 07:38:00 www sshd[8468]: pam_unix(sshd:auth): check pass; user unknown
Sep 19 07:38:00 www sshd[8463]: pam_unix(sshd:auth): check pass; user unknown
Sep 19 07:38:00 www sshd[8465]: Failed password for invalid user securityagent from 138.68.50.24 port 58111 ssh2
Sep 19 07:38:00 www sshd[8448]: pam_unix(sshd:auth): check pass; user unknown
Sep 19 07:38:00 www sshd[8470]: Failed password for invalid user root from 185.88.73.15 port 53186 ssh2
Sep 19 07:38:00 www sshd[8512]: Failed password for invalid user cmonin from 162.243.85.51 port 58111 ssh2
Sep 19 07:38:00 www sshd[8481]: Failed password for invalid user yoshida from 74.208.230.32 port 44543 ssh2
Sep 19 07:38:01 www sshd[8452]: Invalid user kerine from 164.132.227.35
Sep 19 07:38:01 www sshd[8452]: input_userauth_request: invalid user kerine [preauth]
Sep 19 07:38:01 www sshd[8497]: Failed password for invalid user manager from 185.140.33.155 port 39679 ssh2
Sep 19 07:38:01 www sshd[8479]: Invalid user apagar from 178.238.237.157
Sep 19 07:38:01 www sshd[8479]: input_userauth_request: invalid user apagar [preauth]
Sep 19 07:38:01 www sshd[8452]: pam_unix(sshd:auth): check pass; user unknown
Sep 19 07:38:01 www sshd[8452]: pam_unix(sshd:auth): authentication failure; logname= uid=0 euid=0 tty=ssh ruser= rhost=35.ip-164-132-227.eu 
Sep 19 07:38:01 www sshd[8479]: pam_unix(sshd:auth): check pass; user unknown
Sep 19 07:38:01 www sshd[8479]: pam_unix(sshd:auth): authentication failure; logname= uid=0 euid=0 tty=ssh ruser= rhost=vmi74451.contabo.host 
Sep 19 07:38:01 www sshd[8512]: pam_unix(sshd:auth): check pass; user unknown
Sep 19 07:38:01 www sshd[8465]: pam_unix(sshd:auth): check pass; user unknown
Sep 19 07:38:01 www sshd[8458]: Failed password for invalid user dados from 50.4.33.44 port 33535 ssh2
Sep 19 07:38:01 www sshd[8502]: Invalid user nagios from 122.181.163.165
Sep 19 07:38:01 www sshd[8502]: input_userauth_request: invalid user nagios [preauth]
Sep 19 07:38:01 www sshd[8481]: pam_unix(sshd:auth): check pass; user unknown
Sep 19 07:38:01 www sshd[8502]: pam_unix(sshd:auth): check pass; user unknown
Sep 19 07:38:01 www sshd[8502]: pam_unix(sshd:auth): authentication failure; logname= uid=0 euid=0 tty=ssh ruser= rhost=basil.strandls.com 
Sep 19 07:38:01 www sshd[8483]: Invalid user multitrode from 109.196.152.161
Sep 19 07:38:01 www sshd[8483]: input_userauth_request: invalid user multitrode [preauth]
Sep 19 07:38:01 www sshd[8483]: pam_unix(sshd:auth): check pass; user unknown
Sep 19 07:38:01 www sshd[8483]: pam_unix(sshd:auth): authentication failure; logname= uid=0 euid=0 tty=ssh ruser= rhost=161-152-196-109.itvmedia.pl 
Sep 19 07:38:01 www sshd[8455]: User mysql from 7.ip-137-74-119.eu not allowed because not listed in AllowUsers
Sep 19 07:38:01 www sshd[8455]: input_userauth_request: invalid user mysql [preauth]
Sep 19 07:38:01 www sshd[8454]: Failed password for invalid user mario from 158.69.198.20 port 58623 ssh2
Sep 19 07:38:01 www sshd[8455]: pam_unix(sshd:auth): authentication failure; logname= uid=0 euid=0 tty=ssh ruser= rhost=7.ip-137-74-119.eu  user=mysql
Sep 19 07:38:01 www sshd[8458]: pam_unix(sshd:auth): check pass; user unknown
Sep 19 07:38:01 www sshd[8497]: pam_unix(sshd:auth): check pass; user unknown
Sep 19 07:38:01 www sshd[8454]: pam_unix(sshd:auth): check pass; user unknown
Sep 19 07:38:01 www sshd[8444]: Failed password for invalid user appserver from 130.70.82.46 port 41215 ssh2
Sep 19 07:38:01 www sshd[8445]: Failed password for invalid user news from 205.215.68.19 port 44799 ssh2
Sep 19 07:38:01 www sshd[8444]: pam_unix(sshd:auth): check pass; user unknown
Sep 19 07:38:01 www sshd[8491]: Failed password for invalid user ocadmin from 213.216.48.7 port 46591 ssh2
Sep 19 07:38:01 www sshd[8491]: pam_unix(sshd:auth): check pass; user unknown
Sep 19 07:38:01 www sshd[8469]: Failed password for invalid user elizabeth from 88.198.7.144 port 45924 ssh2
Sep 19 07:38:01 www sshd[8510]: Failed password for invalid user appowner from 138.201.132.244 port 40959 ssh2
Sep 19 07:38:01 www sshd[8514]: Invalid user gpadmin from 177.131.51.10
Sep 19 07:38:01 www sshd[8514]: input_userauth_request: invalid user gpadmin [preauth]
Sep 19 07:38:01 www sshd[8514]: pam_unix(sshd:auth): check pass; user unknown
Sep 19 07:38:01 www sshd[8514]: pam_unix(sshd:auth): authentication failure; logname= uid=0 euid=0 tty=ssh ruser= rhost=177-131-051-10.cliente.imicro.com.br 
Sep 19 07:38:01 www sshd[8477]: Invalid user mmroot from 151.80.59.197
Sep 19 07:38:01 www sshd[8477]: input_userauth_request: invalid user mmroot [preauth]
Sep 19 07:38:01 www sshd[8477]: pam_unix(sshd:auth): check pass; user unknown
Sep 19 07:38:01 www sshd[8477]: pam_unix(sshd:auth): authentication failure; logname= uid=0 euid=0 tty=ssh ruser= rhost=197.ip-151-80-59.eu 
Sep 19 07:38:01 www sshd[8469]: pam_unix(sshd:auth): check pass; user unknown
Sep 19 07:38:01 www sshd[8510]: pam_unix(sshd:auth): check pass; user unknown
Sep 19 07:38:01 www sshd[8478]: reverse mapping checking getaddrinfo for bl24-234-125.dsl.telepac.pt [188.250.234.125] failed - POSSIBLE BREAK-IN ATTEMPT!
Sep 19 07:38:01 www sshd[8478]: Invalid user notes from 188.250.234.125
Sep 19 07:38:01 www sshd[8478]: input_userauth_request: invalid user notes [preauth]
Sep 19 07:38:01 www sshd[8478]: pam_unix(sshd:auth): check pass; user unknown
Sep 19 07:38:01 www sshd[8478]: pam_unix(sshd:auth): authentication failure; logname= uid=0 euid=0 tty=ssh ruser= rhost=188.250.234.125 
Sep 19 07:38:01 www sshd[8490]: Failed password for invalid user ts from 188.120.237.35 port 59327 ssh2
Sep 19 07:38:02 www sshd[8506]: reverse mapping checking getaddrinfo for 187-072-132-040.static.ctbctelecom.com.br [187.72.132.40] failed - POSSIBLE BREAK-IN ATTEMPT!
Sep 19 07:38:02 www sshd[8506]: Invalid user minecraft from 187.72.132.40
Sep 19 07:38:02 www sshd[8506]: input_userauth_request: invalid user minecraft [preauth]
Sep 19 07:38:02 www sshd[8506]: pam_unix(sshd:auth): check pass; user unknown
Sep 19 07:38:02 www sshd[8506]: pam_unix(sshd:auth): authentication failure; logname= uid=0 euid=0 tty=ssh ruser= rhost=187.72.132.40 
Sep 19 07:38:02 www sshd[8490]: pam_unix(sshd:auth): check pass; user unknown
Sep 19 07:38:02 www sshd[8503]: Invalid user data from 178.172.42.123
Sep 19 07:38:02 www sshd[8503]: input_userauth_request: invalid user data [preauth]
Sep 19 07:38:02 www sshd[8503]: pam_unix(sshd:auth): check pass; user unknown
Sep 19 07:38:02 www sshd[8503]: pam_unix(sshd:auth): authentication failure; logname= uid=0 euid=0 tty=ssh ruser= rhost=baby.ijs.si 
Sep 19 07:38:02 www sshd[8488]: Failed password for invalid user test from 159.93.168.16 port 60927 ssh2
Sep 19 07:38:02 www sshd[8494]: Failed password for invalid user postgres from 185.162.8.100 port 36095 ssh2
Sep 19 07:38:02 www sshd[8494]: pam_unix(sshd:auth): check pass; user unknown
Sep 19 07:38:02 www sshd[8496]: reverse mapping checking getaddrinfo for 177-103-186-81.dsl.telesp.net.br [177.103.186.81] failed - POSSIBLE BREAK-IN ATTEMPT!
Sep 19 07:38:02 www sshd[8496]: Invalid user mythtv from 177.103.186.81
Sep 19 07:38:02 www sshd[8496]: input_userauth_request: invalid user mythtv [preauth]
Sep 19 07:38:02 www sshd[8496]: pam_unix(sshd:auth): check pass; user unknown
Sep 19 07:38:02 www sshd[8496]: pam_unix(sshd:auth): authentication failure; logname= uid=0 euid=0 tty=ssh ruser= rhost=177.103.186.81 
Sep 19 07:38:02 www sshd[8446]: Failed password for invalid user workpress from 104.130.6.137 port 50175 ssh2
Sep 19 07:38:02 www sshd[8442]: Failed password for invalid user new from 104.236.216.220 port 58623 ssh2
Sep 19 07:38:02 www sshd[8488]: pam_unix(sshd:auth): check pass; user unknown
Sep 19 07:38:02 www sshd[8446]: pam_unix(sshd:auth): check pass; user unknown
Sep 19 07:38:02 www sshd[8442]: pam_unix(sshd:auth): check pass; user unknown
Sep 19 07:38:02 www sshd[8473]: Failed password for invalid user centos from 31.18.162.152 port 43263 ssh2
Sep 19 07:38:02 www sshd[8476]: Failed password for invalid user jboss from 178.254.8.197 port 58815 ssh2
Sep 19 07:38:03 www sshd[8476]: pam_unix(sshd:auth): check pass; user unknown
Sep 19 07:38:03 www sshd[8473]: pam_unix(sshd:auth): check pass; user unknown
Sep 19 07:38:03 www sshd[8508]: Failed password for invalid user webmaster from 117.252.29.254 port 34559 ssh2
Sep 19 07:38:03 www sshd[8447]: Failed password for invalid user spencer from 104.131.19.241 port 36607 ssh2
Sep 19 07:38:03 www sshd[8499]: Failed password for invalid user pussy from 104.131.4.109 port 55807 ssh2
Sep 19 07:38:03 www sshd[8462]: Failed password for invalid user gopher from 40.121.80.86 port 63487 ssh2
Sep 19 07:38:03 www sshd[8447]: pam_unix(sshd:auth): check pass; user unknown
Sep 19 07:38:03 www sshd[8499]: pam_unix(sshd:auth): check pass; user unknown
Sep 19 07:38:03 www sshd[8462]: pam_unix(sshd:auth): check pass; user unknown
Sep 19 07:38:03 www sshd[8468]: Failed password for invalid user user from 47.88.102.246 port 36863 ssh2
Sep 19 07:38:03 www sshd[8512]: Failed password for invalid user cmonin from 162.243.85.51 port 58111 ssh2
Sep 19 07:38:03 www sshd[8465]: Failed password for invalid user securityagent from 138.68.50.24 port 58111 ssh2
Sep 19 07:38:03 www sshd[8463]: Failed password for invalid user user from 216.211.130.18 port 50687 ssh2
Sep 19 07:38:03 www sshd[8481]: Failed password for invalid user yoshida from 74.208.230.32 port 44543 ssh2
Sep 19 07:38:03 www sshd[8516]: Invalid user web from 217.146.204.139
Sep 19 07:38:03 www sshd[8516]: input_userauth_request: invalid user web [preauth]
Sep 19 07:38:03 www sshd[8516]: pam_unix(sshd:auth): check pass; user unknown
Sep 19 07:38:03 www sshd[8516]: pam_unix(sshd:auth): authentication failure; logname= uid=0 euid=0 tty=ssh ruser= rhost=217.146.204.139 
Sep 19 07:38:03 www sshd[8512]: pam_unix(sshd:auth): check pass; user unknown
Sep 19 07:38:03 www sshd[8448]: Failed password for invalid user mike from 129.115.236.159 port 49151 ssh2
Sep 19 07:38:03 www sshd[8468]: pam_unix(sshd:auth): check pass; user unknown
Sep 19 07:38:03 www sshd[8508]: pam_unix(sshd:auth): check pass; user unknown
Sep 19 07:38:03 www sshd[8458]: Failed password for invalid user dados from 50.4.33.44 port 33535 ssh2
Sep 19 07:38:03 www sshd[8452]: Failed password for invalid user kerine from 164.132.227.35 port 58623 ssh2
Sep 19 07:38:03 www sshd[8502]: Failed password for invalid user nagios from 122.181.163.165 port 54644 ssh2
Sep 19 07:38:03 www sshd[8481]: pam_unix(sshd:auth): check pass; user unknown
Sep 19 07:38:03 www sshd[8465]: pam_unix(sshd:auth): check pass; user unknown
Sep 19 07:38:03 www sshd[8497]: Failed password for invalid user manager from 185.140.33.155 port 39679 ssh2
Sep 19 07:38:03 www sshd[8463]: pam_unix(sshd:auth): check pass; user unknown
Sep 19 07:38:03 www sshd[8479]: Failed password for invalid user apagar from 178.238.237.157 port 45055 ssh2
Sep 19 07:38:03 www sshd[8454]: Failed password for invalid user mario from 158.69.198.20 port 58623 ssh2
Sep 19 07:38:03 www sshd[8448]: pam_unix(sshd:auth): check pass; user unknown
Sep 19 07:38:03 www sshd[8458]: pam_unix(sshd:auth): check pass; user unknown
Sep 19 07:38:03 www sshd[8483]: Failed password for invalid user multitrode from 109.196.152.161 port 33983 ssh2
Sep 19 07:38:03 www sshd[8455]: Failed password for invalid user mysql from 137.74.119.7 port 45311 ssh2
Sep 19 07:38:03 www sshd[8454]: pam_unix(sshd:auth): check pass; user unknown
Sep 19 07:38:03 www sshd[8444]: Failed password for invalid user appserver from 130.70.82.46 port 41215 ssh2
Sep 19 07:38:03 www sshd[8452]: pam_unix(sshd:auth): check pass; user unknown
Sep 19 07:38:03 www sshd[8479]: pam_unix(sshd:auth): check pass; user unknown
Sep 19 07:38:03 www sshd[8497]: pam_unix(sshd:auth): check pass; user unknown
Sep 19 07:38:03 www sshd[8444]: pam_unix(sshd:auth): check pass; user unknown
Sep 19 07:38:03 www sshd[8483]: pam_unix(sshd:auth): check pass; user unknown
Sep 19 07:38:03 www sshd[8502]: pam_unix(sshd:auth): check pass; user unknown
Sep 19 07:38:03 www sshd[8491]: Failed password for invalid user ocadmin from 213.216.48.7 port 46591 ssh2
Sep 19 07:38:03 www sshd[8491]: pam_unix(sshd:auth): check pass; user unknown
Sep 19 07:38:04 www sshd[8469]: Failed password for invalid user elizabeth from 88.198.7.144 port 45924 ssh2
Sep 19 07:38:04 www sshd[8510]: Failed password for invalid user appowner from 138.201.132.244 port 40959 ssh2
Sep 19 07:38:04 www sshd[8514]: Failed password for invalid user gpadmin from 177.131.51.10 port 64255 ssh2
Sep 19 07:38:04 www sshd[8478]: Failed password for invalid user notes from 188.250.234.125 port 44543 ssh2
Sep 19 07:38:04 www sshd[8506]: Failed password for invalid user minecraft from 187.72.132.40 port 61439 ssh2
Sep 19 07:38:04 www sshd[8477]: Failed password for invalid user mmroot from 151.80.59.197 port 37375 ssh2
Sep 19 07:38:04 www sshd[8469]: pam_unix(sshd:auth): check pass; user unknown
Sep 19 07:38:04 www sshd[8490]: Failed password for invalid user ts from 188.120.237.35 port 59327 ssh2
Sep 19 07:38:04 www sshd[8510]: pam_unix(sshd:auth): check pass; user unknown
Sep 19 07:38:04 www sshd[8514]: pam_unix(sshd:auth): check pass; user unknown
Sep 19 07:38:04 www sshd[8478]: pam_unix(sshd:auth): check pass; user unknown
Sep 19 07:38:04 www sshd[8506]: pam_unix(sshd:auth): check pass; user unknown
Sep 19 07:38:04 www sshd[8477]: pam_unix(sshd:auth): check pass; user unknown
Sep 19 07:38:04 www sshd[8490]: pam_unix(sshd:auth): check pass; user unknown
Sep 19 07:38:04 www sshd[8503]: Failed password for invalid user data from 178.172.42.123 port 52159 ssh2
Sep 19 07:38:04 www sshd[8494]: Failed password for invalid user postgres from 185.162.8.100 port 36095 ssh2
Sep 19 07:38:04 www sshd[8496]: Failed password for invalid user mythtv from 177.103.186.81 port 45311 ssh2
Sep 19 07:38:04 www sshd[8488]: Failed password for invalid user test from 159.93.168.16 port 60927 ssh2
Sep 19 07:38:04 www sshd[8446]: Failed password for invalid user workpress from 104.130.6.137 port 50175 ssh2
Sep 19 07:38:04 www sshd[8442]: Failed password for invalid user new from 104.236.216.220 port 58623 ssh2
Sep 19 07:38:05 www sshd[8494]: pam_unix(sshd:auth): check pass; user unknown
Sep 19 07:38:05 www sshd[8503]: pam_unix(sshd:auth): check pass; user unknown
Sep 19 07:38:05 www sshd[8496]: pam_unix(sshd:auth): check pass; user unknown
Sep 19 07:38:05 www sshd[8488]: pam_unix(sshd:auth): check pass; user unknown
Sep 19 07:38:05 www sshd[8476]: Failed password for invalid user jboss from 178.254.8.197 port 58815 ssh2
